{
  "id": 1,
  "title": "My renamed TODO list",
  "items": [
    {
      "id": 2,
      "label": "renamed Task 1",
      "status": "TODO"
    },
    {
      "id": 1,
      "label": "renamed Task 2",
      "status": "TODO"
    }
  ]
}